host=mnist-ddp-0 node_rank=0
Using cpu device, world_size=4
/usr/local/lib/python3.10/site-packages/torch/jit/_trace.py:1006: FutureWarning: `torch.jit.trace` is deprecated. Please switch to `torch.compile` or `torch.export`.
  warnings.warn(
/usr/local/lib/python3.10/site-packages/torch/jit/_trace.py:1145: FutureWarning: `torch.jit.trace_method` is deprecated. Please switch to `torch.compile` or `torch.export`.
  warnings.warn(
DistributedDataParallel(
  (module): NeuralNetwork(
    (conv1): Conv2d(1, 32, kernel_size=(3, 3), stride=(1, 1))
    (conv2): Conv2d(32, 64, kernel_size=(3, 3), stride=(1, 1))
    (dropout1): Dropout(p=0.25, inplace=False)
    (dropout2): Dropout(p=0.5, inplace=False)
    (fc1): Linear(in_features=9216, out_features=128, bias=True)
    (fc2): Linear(in_features=128, out_features=10, bias=True)
  )
)
Epoch 1
-------------------------------
train: loss 2.294624 acc 15.5%  |  test: loss 2.284059 acc 25.1%
Epoch 2
-------------------------------
train: loss 2.275514 acc 24.2%  |  test: loss 2.260191 acc 38.5%
Epoch 3
-------------------------------
train: loss 2.248545 acc 31.2%  |  test: loss 2.224814 acc 45.0%
Epoch 4
-------------------------------
train: loss 2.205797 acc 38.2%  |  test: loss 2.167127 acc 53.8%
Epoch 5
-------------------------------
train: loss 2.133958 acc 45.8%  |  test: loss 2.067387 acc 61.0%
Epoch 6
-------------------------------
train: loss 2.006489 acc 51.6%  |  test: loss 1.884381 acc 68.4%
Epoch 7
-------------------------------
train: loss 1.787418 acc 57.2%  |  test: loss 1.575574 acc 74.8%
Epoch 8
-------------------------------
train: loss 1.478807 acc 62.7%  |  test: loss 1.197761 acc 79.0%
Epoch 9
-------------------------------
train: loss 1.184688 acc 67.7%  |  test: loss 0.900632 acc 82.6%
Epoch 10
-------------------------------
train: loss 0.974707 acc 72.0%  |  test: loss 0.714114 acc 84.7%
Epoch 11
-------------------------------
train: loss 0.835449 acc 75.4%  |  test: loss 0.602634 acc 86.0%
Epoch 12
-------------------------------
train: loss 0.746709 acc 77.6%  |  test: loss 0.531527 acc 87.3%
Epoch 13
-------------------------------
train: loss 0.684994 acc 79.3%  |  test: loss 0.482551 acc 88.0%
Epoch 14
-------------------------------
train: loss 0.634852 acc 80.8%  |  test: loss 0.447635 acc 88.7%
Epoch 15
-------------------------------
train: loss 0.601795 acc 81.7%  |  test: loss 0.422181 acc 88.8%
Done!
Total time spent training: 691.33 s
Saved PyTorch Model State to ddp_model.pth
Predicted: "7", Actual: "7"
=== training done; pod staying up for collection ===
