host=mnist-ddp-0 node_rank=0
Using cpu device, world_size=4
/usr/local/lib/python3.10/site-packages/torch/jit/_trace.py:1006: FutureWarning: `torch.jit.trace` is deprecated. Please switch to `torch.compile` or `torch.export`.
  warnings.warn(
/usr/local/lib/python3.10/site-packages/torch/jit/_trace.py:1145: FutureWarning: `torch.jit.trace_method` is deprecated. Please switch to `torch.compile` or `torch.export`.
  warnings.warn(
DistributedDataParallel(
  (module): NeuralNetwork(
    (conv1): Conv2d(1, 32, kernel_size=(3, 3), stride=(1, 1))
    (conv2): Conv2d(32, 64, kernel_size=(3, 3), stride=(1, 1))
    (dropout1): Dropout(p=0.25, inplace=False)
    (dropout2): Dropout(p=0.5, inplace=False)
    (fc1): Linear(in_features=9216, out_features=128, bias=True)
    (fc2): Linear(in_features=128, out_features=10, bias=True)
  )
)
Epoch 1
-------------------------------
train: loss 2.298226 acc 12.2%  |  test: loss 2.290104 acc 28.6%
Epoch 2
-------------------------------
train: loss 2.285007 acc 20.2%  |  test: loss 2.274132 acc 38.6%
Epoch 3
-------------------------------
train: loss 2.267413 acc 28.4%  |  test: loss 2.252953 acc 48.2%
Epoch 4
-------------------------------
train: loss 2.242412 acc 36.4%  |  test: loss 2.221079 acc 57.1%
Epoch 5
-------------------------------
train: loss 2.203766 acc 43.9%  |  test: loss 2.169035 acc 68.4%
Epoch 6
-------------------------------
train: loss 2.139149 acc 51.4%  |  test: loss 2.079072 acc 73.2%
Epoch 7
-------------------------------
train: loss 2.023909 acc 56.6%  |  test: loss 1.912822 acc 74.8%
Epoch 8
-------------------------------
train: loss 1.815707 acc 60.9%  |  test: loss 1.614662 acc 75.6%
Epoch 9
-------------------------------
train: loss 1.499996 acc 64.3%  |  test: loss 1.216557 acc 79.2%
Epoch 10
-------------------------------
train: loss 1.184151 acc 68.7%  |  test: loss 0.899479 acc 82.1%
Epoch 11
-------------------------------
train: loss 0.963350 acc 72.6%  |  test: loss 0.711708 acc 84.3%
Epoch 12
-------------------------------
train: loss 0.826325 acc 75.8%  |  test: loss 0.602185 acc 85.8%
Epoch 13
-------------------------------
train: loss 0.741785 acc 77.7%  |  test: loss 0.532738 acc 87.1%
Epoch 14
-------------------------------
train: loss 0.677702 acc 79.6%  |  test: loss 0.485679 acc 87.9%
Epoch 15
-------------------------------
train: loss 0.631276 acc 81.0%  |  test: loss 0.450998 acc 88.4%
Done!
Total time spent training: 715.41 s
Saved PyTorch Model State to ddp_model.pth
Predicted: "7", Actual: "7"
=== training done; pod staying up for collection ===
