host=mnist-pipeline-3 node_rank=3
[W910 11:49:37.286713478 socket.cpp:764] [c10d] The IPv6 network addresses of (mnist-pipeline-0.mnist-pipeline, 29500) cannot be retrieved (gai error: -2 - Name or service not known).
[W910 11:49:37.775269065 socket.cpp:764] [c10d] The IPv6 network addresses of (mnist-pipeline-0.mnist-pipeline, 29500) cannot be retrieved (gai error: -2 - Name or service not known).
[W910 11:49:38.622876102 socket.cpp:764] [c10d] The IPv6 network addresses of (mnist-pipeline-0.mnist-pipeline, 29500) cannot be retrieved (gai error: -2 - Name or service not known).
Pipeline: 4 stages, 4 microbatches, batch 64
Epoch 1
-------------------------------
train: loss 2.241499 acc 23.9%  |  test: loss 2.105232 acc 53.3%
Epoch 2
-------------------------------
train: loss 1.647366 acc 58.8%  |  test: loss 0.910412 acc 80.9%
Epoch 3
-------------------------------
train: loss 0.802345 acc 76.4%  |  test: loss 0.478893 acc 87.5%
Epoch 4
-------------------------------
train: loss 0.581537 acc 82.4%  |  test: loss 0.383870 acc 89.3%
Epoch 5
-------------------------------
train: loss 0.499937 acc 85.0%  |  test: loss 0.338747 acc 90.5%
Epoch 6
-------------------------------
train: loss 0.451352 acc 86.6%  |  test: loss 0.307383 acc 91.1%
Epoch 7
-------------------------------
train: loss 0.417527 acc 87.4%  |  test: loss 0.284314 acc 91.9%
Epoch 8
-------------------------------
train: loss 0.388848 acc 88.4%  |  test: loss 0.264264 acc 92.3%
Epoch 9
-------------------------------
train: loss 0.370724 acc 89.0%  |  test: loss 0.247930 acc 92.7%
Epoch 10
-------------------------------
train: loss 0.353002 acc 89.6%  |  test: loss 0.234337 acc 93.0%
Epoch 11
-------------------------------
train: loss 0.334024 acc 90.2%  |  test: loss 0.223515 acc 93.3%
Epoch 12
-------------------------------
train: loss 0.324726 acc 90.2%  |  test: loss 0.212578 acc 93.7%
Epoch 13
-------------------------------
train: loss 0.309655 acc 90.9%  |  test: loss 0.202257 acc 94.0%
Epoch 14
-------------------------------
train: loss 0.302532 acc 91.0%  |  test: loss 0.194020 acc 94.2%
Epoch 15
-------------------------------
train: loss 0.290936 acc 91.3%  |  test: loss 0.185571 acc 94.5%
Done!
Total time spent training: 1758.07 s
Saved pipeline model to models/pipeline_model.pth
=== training done; pod staying up for collection ===
