host=mnist-ddp-0 node_rank=0
Using cpu device, world_size=4
/usr/local/lib/python3.10/site-packages/torch/jit/_trace.py:1006: FutureWarning: `torch.jit.trace` is deprecated. Please switch to `torch.compile` or `torch.export`.
  warnings.warn(
/usr/local/lib/python3.10/site-packages/torch/jit/_trace.py:1145: FutureWarning: `torch.jit.trace_method` is deprecated. Please switch to `torch.compile` or `torch.export`.
  warnings.warn(
DistributedDataParallel(
  (module): NeuralNetwork(
    (conv1): Conv2d(1, 32, kernel_size=(3, 3), stride=(1, 1))
    (conv2): Conv2d(32, 64, kernel_size=(3, 3), stride=(1, 1))
    (dropout1): Dropout(p=0.25, inplace=False)
    (dropout2): Dropout(p=0.5, inplace=False)
    (fc1): Linear(in_features=9216, out_features=128, bias=True)
    (fc2): Linear(in_features=128, out_features=10, bias=True)
  )
)
Epoch 1
-------------------------------
train: loss 2.294986 acc 12.1%  |  test: loss 2.281076 acc 14.8%
Epoch 2
-------------------------------
train: loss 2.270805 acc 19.3%  |  test: loss 2.251021 acc 33.1%
Epoch 3
-------------------------------
train: loss 2.235014 acc 31.3%  |  test: loss 2.201962 acc 50.4%
Epoch 4
-------------------------------
train: loss 2.170616 acc 42.6%  |  test: loss 2.110135 acc 60.2%
Epoch 5
-------------------------------
train: loss 2.050515 acc 50.9%  |  test: loss 1.931531 acc 65.9%
Epoch 6
-------------------------------
train: loss 1.827700 acc 57.5%  |  test: loss 1.609800 acc 73.7%
Epoch 7
-------------------------------
train: loss 1.492471 acc 63.9%  |  test: loss 1.191253 acc 79.2%
Epoch 8
-------------------------------
train: loss 1.163921 acc 69.0%  |  test: loss 0.869321 acc 82.7%
Epoch 9
-------------------------------
train: loss 0.949314 acc 72.7%  |  test: loss 0.687067 acc 84.8%
Epoch 10
-------------------------------
train: loss 0.815853 acc 76.0%  |  test: loss 0.583325 acc 86.3%
Epoch 11
-------------------------------
train: loss 0.734662 acc 77.8%  |  test: loss 0.519484 acc 87.2%
Epoch 12
-------------------------------
train: loss 0.674087 acc 79.7%  |  test: loss 0.475120 acc 87.9%
Epoch 13
-------------------------------
train: loss 0.630800 acc 80.9%  |  test: loss 0.440426 acc 88.6%
Epoch 14
-------------------------------
train: loss 0.594854 acc 81.9%  |  test: loss 0.416234 acc 89.1%
Epoch 15
-------------------------------
train: loss 0.572207 acc 82.7%  |  test: loss 0.397278 acc 89.3%
Done!
Total time spent training: 698.64 s
Saved PyTorch Model State to ddp_model.pth
Predicted: "7", Actual: "7"
=== training done; pod staying up for collection ===
